mode: set
SCLauncher/backend/dotnet/detect.go:57.62,61.82 2 1
SCLauncher/backend/dotnet/detect.go:61.82,63.30 2 1
SCLauncher/backend/dotnet/detect.go:63.30,64.40 1 1
SCLauncher/backend/dotnet/detect.go:64.40,65.22 1 1
SCLauncher/backend/dotnet/detect.go:65.22,70.6 3 1
SCLauncher/backend/dotnet/detect.go:71.5,75.20 5 1
SCLauncher/backend/dotnet/detect.go:81.2,81.73 1 1
SCLauncher/backend/dotnet/detect.go:81.73,82.52 1 1
SCLauncher/backend/dotnet/detect.go:82.52,87.4 4 1
SCLauncher/backend/dotnet/detect.go:90.2,90.17 1 1
SCLauncher/backend/dotnet/detect.go:102.87,104.51 2 1
SCLauncher/backend/dotnet/detect.go:104.51,106.3 1 1
SCLauncher/backend/dotnet/detect.go:107.2,107.76 1 1
SCLauncher/backend/dotnet/detect.go:111.54,113.49 2 1
SCLauncher/backend/dotnet/detect.go:113.49,115.3 1 1
SCLauncher/backend/dotnet/detect.go:116.2,116.53 1 1
SCLauncher/backend/dotnet/detect.go:120.54,122.14 2 1
SCLauncher/backend/dotnet/detect.go:122.14,124.3 1 1
SCLauncher/backend/dotnet/detect.go:125.2,126.26 2 1
SCLauncher/backend/dotnet/detect.go:126.26,128.3 1 1
SCLauncher/backend/dotnet/detect.go:129.2,129.16 1 1
SCLauncher/backend/dotnet/detect.go:135.41,137.25 2 1
SCLauncher/backend/dotnet/detect.go:137.25,139.3 1 1
SCLauncher/backend/dotnet/detect.go:140.2,141.14 2 1
SCLauncher/backend/dotnet/detect.go:141.14,143.3 1 1
SCLauncher/backend/dotnet/detect.go:144.2,146.26 3 1
SCLauncher/backend/dotnet/detect.go:146.26,148.3 1 1
SCLauncher/backend/dotnet/detect.go:149.2,149.16 1 1
SCLauncher/backend/dotnet/detect.go:154.71,156.82 2 1
SCLauncher/backend/dotnet/detect.go:156.82,157.33 1 1
SCLauncher/backend/dotnet/detect.go:157.33,159.4 1 1
SCLauncher/backend/dotnet/detect.go:160.3,160.79 1 1
SCLauncher/backend/dotnet/detect.go:160.79,161.19 1 1
SCLauncher/backend/dotnet/detect.go:161.19,163.5 1 1
SCLauncher/backend/dotnet/detect.go:165.3,165.13 1 1
SCLauncher/backend/dotnet/detect.go:167.2,167.17 1 1
SCLauncher/backend/dotnet/detect.go:167.17,169.3 1 1
SCLauncher/backend/dotnet/detect.go:170.2,171.16 2 1
SCLauncher/backend/dotnet/detect.go:171.16,173.3 1 0
SCLauncher/backend/dotnet/detect.go:174.2,174.25 1 1
SCLauncher/backend/dotnet/installed.go:23.77,24.19 1 1
SCLauncher/backend/dotnet/installed.go:24.19,26.3 1 1
SCLauncher/backend/dotnet/installed.go:27.2,27.53 1 1
SCLauncher/backend/dotnet/installed.go:27.53,29.3 1 1
SCLauncher/backend/dotnet/installed.go:30.2,31.16 2 1
SCLauncher/backend/dotnet/installed.go:31.16,33.3 1 1
SCLauncher/backend/dotnet/installed.go:34.2,34.39 1 1
SCLauncher/backend/dotnet/installed.go:38.52,40.51 2 1
SCLauncher/backend/dotnet/installed.go:40.51,42.17 2 1
SCLauncher/backend/dotnet/installed.go:42.17,43.12 1 1
SCLauncher/backend/dotnet/installed.go:46.3,47.22 2 1
SCLauncher/backend/dotnet/installed.go:47.22,48.12 1 0
SCLauncher/backend/dotnet/installed.go:50.3,50.50 1 1
SCLauncher/backend/dotnet/installed.go:50.50,51.12 1 1
SCLauncher/backend/dotnet/installed.go:53.3,53.43 1 1
SCLauncher/backend/dotnet/installed.go:53.43,55.4 1 1
SCLauncher/backend/dotnet/installed.go:57.2,57.15 1 1
SCLauncher/backend/dotnet/installed.go:61.41,64.14 3 1
SCLauncher/backend/dotnet/installed.go:64.14,66.3 1 1
SCLauncher/backend/dotnet/installed.go:67.2,68.26 2 1
SCLauncher/backend/dotnet/installed.go:68.26,70.3 1 1
SCLauncher/backend/dotnet/installed.go:71.2,71.16 1 1
SCLauncher/backend/dotnet/installed.go:78.61,81.16 3 1
SCLauncher/backend/dotnet/installed.go:81.16,83.3 1 1
SCLauncher/backend/dotnet/installed.go:84.2,84.28 1 1
SCLauncher/backend/dotnet/installed.go:84.28,85.17 1 1
SCLauncher/backend/dotnet/installed.go:85.17,86.12 1 1
SCLauncher/backend/dotnet/installed.go:88.3,88.42 1 1
SCLauncher/backend/dotnet/installed.go:88.42,90.4 1 1
SCLauncher/backend/dotnet/installed.go:92.2,92.20 1 1
SCLauncher/backend/dotnet/installed.go:97.40,99.16 2 1
SCLauncher/backend/dotnet/installed.go:99.16,101.3 1 0
SCLauncher/backend/dotnet/installed.go:102.2,102.80 1 1
SCLauncher/backend/dotnet/installer.go:23.55,24.22 1 1
SCLauncher/backend/dotnet/installer.go:24.22,26.3 1 1
SCLauncher/backend/dotnet/installer.go:29.45,30.22 1 1
SCLauncher/backend/dotnet/installer.go:30.22,32.3 1 1
SCLauncher/backend/dotnet/installer.go:33.2,33.22 1 0
SCLauncher/backend/dotnet/installer.go:36.66,37.23 1 1
SCLauncher/backend/dotnet/installer.go:37.23,39.3 1 1
SCLauncher/backend/dotnet/installer.go:40.2,40.36 1 1
SCLauncher/backend/dotnet/installer.go:43.38,44.21 1 1
SCLauncher/backend/dotnet/installer.go:44.21,46.3 1 1
SCLauncher/backend/dotnet/installer.go:47.2,47.21 1 1
SCLauncher/backend/dotnet/installer.go:51.40,53.2 1 1
SCLauncher/backend/dotnet/installer.go:56.56,58.48 2 1
SCLauncher/backend/dotnet/installer.go:58.48,60.3 1 1
SCLauncher/backend/dotnet/installer.go:61.2,68.16 5 1
SCLauncher/backend/dotnet/installer.go:68.16,70.3 1 0
SCLauncher/backend/dotnet/installer.go:71.2,71.15 1 1
SCLauncher/backend/dotnet/installer.go:71.15,73.3 1 1
SCLauncher/backend/dotnet/installer.go:74.2,74.12 1 1
SCLauncher/backend/dotnet/installer.go:79.105,81.16 2 1
SCLauncher/backend/dotnet/installer.go:81.16,83.3 1 0
SCLauncher/backend/dotnet/installer.go:84.2,85.38 2 1
SCLauncher/backend/dotnet/installer.go:85.38,87.3 1 1
SCLauncher/backend/dotnet/installer.go:89.2,89.55 1 1
SCLauncher/backend/dotnet/installer.go:89.55,91.3 1 0
SCLauncher/backend/dotnet/installer.go:92.2,94.16 3 1
SCLauncher/backend/dotnet/installer.go:94.16,96.3 1 0
SCLauncher/backend/dotnet/installer.go:98.2,102.6 5 1
SCLauncher/backend/dotnet/installer.go:102.6,104.12 2 1
SCLauncher/backend/dotnet/installer.go:104.12,105.48 1 1
SCLauncher/backend/dotnet/installer.go:105.48,109.5 3 0
SCLauncher/backend/dotnet/installer.go:110.4,112.23 3 1
SCLauncher/backend/dotnet/installer.go:112.23,114.5 1 1
SCLauncher/backend/dotnet/installer.go:116.3,116.18 1 1
SCLauncher/backend/dotnet/installer.go:116.18,118.22 2 1
SCLauncher/backend/dotnet/installer.go:118.22,119.10 1 1
SCLauncher/backend/dotnet/installer.go:121.4,122.53 2 0
SCLauncher/backend/dotnet/installer.go:127.2,127.24 1 1
SCLauncher/backend/dotnet/installer.go:127.24,130.18 3 1
SCLauncher/backend/dotnet/installer.go:130.18,133.4 2 1
SCLauncher/backend/dotnet/installer.go:137.2,140.16 4 1
SCLauncher/backend/dotnet/installer.go:140.16,143.3 2 1
SCLauncher/backend/dotnet/installer.go:144.2,144.31 1 1
SCLauncher/backend/dotnet/installer.go:144.31,147.3 2 1
SCLauncher/backend/dotnet/installer.go:148.2,149.12 2 1
SCLauncher/backend/dotnet/installer.go:155.57,155.87 1 1
SCLauncher/backend/dotnet/installer.go:157.81,163.16 6 1
SCLauncher/backend/dotnet/installer.go:163.16,164.47 1 1
SCLauncher/backend/dotnet/installer.go:164.47,166.4 1 0
SCLauncher/backend/dotnet/installer.go:167.3,167.51 1 1
SCLauncher/backend/dotnet/installer.go:169.2,169.49 1 1
SCLauncher/backend/dotnet/manager.go:11.33,11.58 1 1
SCLauncher/backend/dotnet/manager.go:32.28,34.2 1 1
SCLauncher/backend/dotnet/manager.go:37.38,38.23 1 1
SCLauncher/backend/dotnet/manager.go:38.23,40.3 1 1
SCLauncher/backend/dotnet/manager.go:41.2,41.35 1 0
SCLauncher/backend/dotnet/manager.go:44.42,45.21 1 1
SCLauncher/backend/dotnet/manager.go:45.21,47.3 1 1
SCLauncher/backend/dotnet/manager.go:48.2,48.22 1 0
SCLauncher/backend/dotnet/manager.go:52.66,53.25 1 1
SCLauncher/backend/dotnet/manager.go:53.25,55.3 1 0
SCLauncher/backend/dotnet/manager.go:56.2,56.31 1 1
SCLauncher/backend/dotnet/manager.go:60.67,62.19 2 0
SCLauncher/backend/dotnet/manager.go:62.19,64.3 1 0
SCLauncher/backend/dotnet/manager.go:65.2,66.16 2 0
SCLauncher/backend/dotnet/manager.go:66.16,68.3 1 0
SCLauncher/backend/dotnet/manager.go:69.2,70.38 2 0
SCLauncher/backend/dotnet/manager.go:70.38,72.3 1 0
SCLauncher/backend/dotnet/manager.go:73.2,73.30 1 0
SCLauncher/backend/dotnet/manager.go:77.58,79.16 2 1
SCLauncher/backend/dotnet/manager.go:79.16,81.3 1 0
SCLauncher/backend/dotnet/manager.go:82.2,88.17 2 1
SCLauncher/backend/dotnet/manager.go:88.17,90.3 1 1
SCLauncher/backend/dotnet/manager.go:91.2,91.37 1 1
SCLauncher/backend/dotnet/manager.go:91.37,93.3 1 1
SCLauncher/backend/dotnet/manager.go:94.2,94.16 1 1
SCLauncher/backend/dotnet/manager.go:98.47,100.33 2 1
SCLauncher/backend/dotnet/manager.go:100.33,102.3 1 1
SCLauncher/backend/dotnet/manager.go:103.2,103.91 1 1
SCLauncher/backend/dotnet/manager.go:103.91,105.3 1 1
SCLauncher/backend/dotnet/manager.go:106.2,106.14 1 1
SCLauncher/backend/dotnet/manager.go:111.84,117.53 2 1
SCLauncher/backend/dotnet/manager.go:117.53,119.3 1 1
SCLauncher/backend/dotnet/manager.go:119.8,119.28 1 1
SCLauncher/backend/dotnet/manager.go:119.28,121.3 1 1
SCLauncher/backend/dotnet/manager.go:123.2,124.18 2 1
SCLauncher/backend/dotnet/manager.go:124.18,126.3 1 0
SCLauncher/backend/dotnet/manager.go:127.2,128.16 2 1
SCLauncher/backend/dotnet/manager.go:128.16,130.3 1 1
SCLauncher/backend/dotnet/manager.go:131.2,132.16 2 1
SCLauncher/backend/dotnet/manager.go:132.16,134.3 1 1
SCLauncher/backend/dotnet/manager.go:135.2,135.45 1 1
SCLauncher/backend/dotnet/releases.go:40.36,42.2 1 1
SCLauncher/backend/dotnet/releases.go:45.39,46.16 1 1
SCLauncher/backend/dotnet/releases.go:47.13,48.19 1 1
SCLauncher/backend/dotnet/releases.go:49.15,50.21 1 1
SCLauncher/backend/dotnet/releases.go:51.10,52.19 1 1
SCLauncher/backend/dotnet/releases.go:60.85,62.52 2 1
SCLauncher/backend/dotnet/releases.go:62.52,64.3 1 1
SCLauncher/backend/dotnet/releases.go:65.2,65.29 1 1
SCLauncher/backend/dotnet/releases.go:65.29,67.3 1 1
SCLauncher/backend/dotnet/releases.go:68.2,69.36 2 1
SCLauncher/backend/dotnet/releases.go:69.36,70.32 1 1
SCLauncher/backend/dotnet/releases.go:70.32,71.12 1 1
SCLauncher/backend/dotnet/releases.go:73.3,73.46 1 1
SCLauncher/backend/dotnet/releases.go:73.46,74.75 1 1
SCLauncher/backend/dotnet/releases.go:74.75,81.5 1 1
SCLauncher/backend/dotnet/releases.go:84.2,84.99 1 1
